mode: set
github.com/ecommerce-platform/internal/seckill/service/seckill_service.go:87.18,88.20 1 0
github.com/ecommerce-platform/internal/seckill/service/seckill_service.go:88.20,90.3 1 0
github.com/ecommerce-platform/internal/seckill/service/seckill_service.go:92.2,104.12 4 0
github.com/ecommerce-platform/internal/seckill/service/seckill_service.go:108.82,109.57 1 1
github.com/ecommerce-platform/internal/seckill/service/seckill_service.go:109.57,111.3 1 1
github.com/ecommerce-platform/internal/seckill/service/seckill_service.go:113.2,114.16 2 1
github.com/ecommerce-platform/internal/seckill/service/seckill_service.go:114.16,116.3 1 0
github.com/ecommerce-platform/internal/seckill/service/seckill_service.go:118.2,119.33 2 1
github.com/ecommerce-platform/internal/seckill/service/seckill_service.go:119.33,121.3 1 1
github.com/ecommerce-platform/internal/seckill/service/seckill_service.go:122.2,122.30 1 0
github.com/ecommerce-platform/internal/seckill/service/seckill_service.go:122.30,124.3 1 0
github.com/ecommerce-platform/internal/seckill/service/seckill_service.go:125.2,125.52 1 0
github.com/ecommerce-platform/internal/seckill/service/seckill_service.go:125.52,127.3 1 0
github.com/ecommerce-platform/internal/seckill/service/seckill_service.go:129.2,132.21 4 0
github.com/ecommerce-platform/internal/seckill/service/seckill_service.go:132.21,134.3 1 0
github.com/ecommerce-platform/internal/seckill/service/seckill_service.go:136.2,137.16 2 0
github.com/ecommerce-platform/internal/seckill/service/seckill_service.go:137.16,139.3 1 0
github.com/ecommerce-platform/internal/seckill/service/seckill_service.go:141.2,142.9 2 0
github.com/ecommerce-platform/internal/seckill/service/seckill_service.go:142.9,144.3 1 0
github.com/ecommerce-platform/internal/seckill/service/seckill_service.go:146.2,146.14 1 0
github.com/ecommerce-platform/internal/seckill/service/seckill_service.go:147.9,148.51 1 0
github.com/ecommerce-platform/internal/seckill/service/seckill_service.go:149.9,150.55 1 0
github.com/ecommerce-platform/internal/seckill/service/seckill_service.go:151.9,165.76 3 0
github.com/ecommerce-platform/internal/seckill/service/seckill_service.go:165.76,169.4 2 0
github.com/ecommerce-platform/internal/seckill/service/seckill_service.go:172.3,173.13 2 0
github.com/ecommerce-platform/internal/seckill/service/seckill_service.go:174.10,175.44 1 0
github.com/ecommerce-platform/internal/seckill/service/seckill_service.go:179.106,181.2 1 0
github.com/ecommerce-platform/internal/seckill/service/seckill_service.go:184.123,185.16 1 1
github.com/ecommerce-platform/internal/seckill/service/seckill_service.go:185.16,187.3 1 1
github.com/ecommerce-platform/internal/seckill/service/seckill_service.go:188.2,188.34 1 1
github.com/ecommerce-platform/internal/seckill/service/seckill_service.go:188.34,190.3 1 1
github.com/ecommerce-platform/internal/seckill/service/seckill_service.go:192.2,205.66 2 1
github.com/ecommerce-platform/internal/seckill/service/seckill_service.go:205.66,207.3 1 1
github.com/ecommerce-platform/internal/seckill/service/seckill_service.go:210.2,210.63 1 0
github.com/ecommerce-platform/internal/seckill/service/seckill_service.go:210.63,212.3 1 0
github.com/ecommerce-platform/internal/seckill/service/seckill_service.go:214.2,214.28 1 0
github.com/ecommerce-platform/internal/seckill/service/seckill_service.go:218.75,220.16 2 1
github.com/ecommerce-platform/internal/seckill/service/seckill_service.go:220.16,222.3 1 0
github.com/ecommerce-platform/internal/seckill/service/seckill_service.go:223.2,223.30 1 1
github.com/ecommerce-platform/internal/seckill/service/seckill_service.go:223.30,225.3 1 1
github.com/ecommerce-platform/internal/seckill/service/seckill_service.go:227.2,228.14 2 1
github.com/ecommerce-platform/internal/seckill/service/seckill_service.go:228.14,230.3 1 1
github.com/ecommerce-platform/internal/seckill/service/seckill_service.go:233.2,234.75 2 1
github.com/ecommerce-platform/internal/seckill/service/seckill_service.go:234.75,236.3 1 1
github.com/ecommerce-platform/internal/seckill/service/seckill_service.go:237.2,237.12 1 0
github.com/ecommerce-platform/internal/seckill/service/seckill_service.go:241.45,245.21 3 0
github.com/ecommerce-platform/internal/seckill/service/seckill_service.go:245.21,249.17 4 0
github.com/ecommerce-platform/internal/seckill/service/seckill_service.go:249.17,250.12 1 0
github.com/ecommerce-platform/internal/seckill/service/seckill_service.go:252.3,252.26 1 0
github.com/ecommerce-platform/internal/seckill/service/seckill_service.go:252.26,254.4 1 0
github.com/ecommerce-platform/internal/seckill/service/seckill_service.go:259.56,260.9 1 0
github.com/ecommerce-platform/internal/seckill/service/seckill_service.go:261.31,261.31 0 0
github.com/ecommerce-platform/internal/seckill/service/seckill_service.go:262.10,262.10 0 0
github.com/ecommerce-platform/internal/seckill/service/seckill_service.go:268.40,269.36 1 0
github.com/ecommerce-platform/internal/seckill/service/seckill_service.go:269.36,273.3 3 0
github.com/ecommerce-platform/internal/seckill/service/seckill_service.go:277.79,280.28 2 1
github.com/ecommerce-platform/internal/seckill/service/seckill_service.go:280.28,282.3 1 0
github.com/ecommerce-platform/internal/seckill/service/seckill_service.go:285.2,286.16 2 1
github.com/ecommerce-platform/internal/seckill/service/seckill_service.go:286.16,289.3 2 0
github.com/ecommerce-platform/internal/seckill/service/seckill_service.go:292.2,293.16 2 1
github.com/ecommerce-platform/internal/seckill/service/seckill_service.go:293.16,296.3 2 0
github.com/ecommerce-platform/internal/seckill/service/seckill_service.go:299.2,299.42 1 1
github.com/ecommerce-platform/internal/seckill/service/seckill_service.go:299.42,301.27 2 1
github.com/ecommerce-platform/internal/seckill/service/seckill_service.go:301.27,304.4 2 1
github.com/ecommerce-platform/internal/seckill/service/seckill_service.go:305.3,306.9 2 0
github.com/ecommerce-platform/internal/seckill/service/seckill_service.go:309.2,309.105 1 1
github.com/ecommerce-platform/internal/seckill/service/seckill_service.go:313.91,315.94 1 1
github.com/ecommerce-platform/internal/seckill/service/seckill_service.go:315.94,317.3 1 0
github.com/ecommerce-platform/internal/seckill/service/seckill_service.go:319.2,319.48 1 1
github.com/ecommerce-platform/internal/seckill/service/seckill_service.go:319.48,321.52 2 1
github.com/ecommerce-platform/internal/seckill/service/seckill_service.go:321.52,323.4 1 0
github.com/ecommerce-platform/internal/seckill/service/seckill_service.go:327.2,328.16 2 1
github.com/ecommerce-platform/internal/seckill/service/seckill_service.go:328.16,330.3 1 0
github.com/ecommerce-platform/internal/seckill/service/seckill_service.go:332.2,332.38 1 1
github.com/ecommerce-platform/internal/seckill/service/seckill_service.go:332.38,347.17 2 1
github.com/ecommerce-platform/internal/seckill/service/seckill_service.go:347.17,351.4 3 1
github.com/ecommerce-platform/internal/seckill/service/seckill_service.go:353.3,356.52 4 1
github.com/ecommerce-platform/internal/seckill/service/seckill_service.go:356.52,358.4 1 0
github.com/ecommerce-platform/internal/seckill/service/seckill_service.go:362.2,362.46 1 1
github.com/ecommerce-platform/internal/seckill/service/seckill_service.go:362.46,369.17 2 1
github.com/ecommerce-platform/internal/seckill/service/seckill_service.go:369.17,373.4 3 0
github.com/ecommerce-platform/internal/seckill/service/seckill_service.go:375.3,377.52 3 1
github.com/ecommerce-platform/internal/seckill/service/seckill_service.go:377.52,379.4 1 0
github.com/ecommerce-platform/internal/seckill/service/seckill_service.go:383.2,383.48 1 1
github.com/ecommerce-platform/internal/seckill/service/seckill_service.go:383.48,384.73 1 1
github.com/ecommerce-platform/internal/seckill/service/seckill_service.go:384.73,388.4 3 0
github.com/ecommerce-platform/internal/seckill/service/seckill_service.go:390.3,393.52 4 1
github.com/ecommerce-platform/internal/seckill/service/seckill_service.go:393.52,395.4 1 0
github.com/ecommerce-platform/internal/seckill/service/seckill_service.go:398.2,398.12 1 1
github.com/ecommerce-platform/internal/seckill/service/seckill_service.go:402.107,405.51 3 1
github.com/ecommerce-platform/internal/seckill/service/seckill_service.go:405.51,407.3 1 0
github.com/ecommerce-platform/internal/seckill/service/seckill_service.go:410.2,410.22 1 1
github.com/ecommerce-platform/internal/seckill/service/seckill_service.go:410.22,411.84 1 1
github.com/ecommerce-platform/internal/seckill/service/seckill_service.go:411.84,416.4 4 1
github.com/ecommerce-platform/internal/seckill/service/seckill_service.go:420.2,420.76 1 1
github.com/ecommerce-platform/internal/seckill/service/seckill_service.go:420.76,425.3 4 1
github.com/ecommerce-platform/internal/seckill/service/seckill_service.go:427.2,428.51 2 0
github.com/ecommerce-platform/internal/seckill/service/seckill_service.go:428.51,430.3 1 0
github.com/ecommerce-platform/internal/seckill/service/seckill_service.go:431.2,431.12 1 0
github.com/ecommerce-platform/internal/seckill/service/seckill_service.go:435.93,438.68 3 1
github.com/ecommerce-platform/internal/seckill/service/seckill_service.go:438.68,442.3 3 1
github.com/ecommerce-platform/internal/seckill/service/seckill_service.go:443.2,443.12 1 1
github.com/ecommerce-platform/internal/seckill/service/seckill_service.go:446.76,450.2 3 0
github.com/ecommerce-platform/internal/seckill/service/seckill_service.go:453.51,454.20 1 1
github.com/ecommerce-platform/internal/seckill/service/seckill_service.go:454.20,456.3 1 1
github.com/ecommerce-platform/internal/seckill/service/seckill_service.go:458.2,459.28 2 1
github.com/ecommerce-platform/internal/seckill/service/seckill_service.go:459.28,461.3 1 1
github.com/ecommerce-platform/internal/seckill/service/seckill_service.go:462.2,462.14 1 1
github.com/ecommerce-platform/internal/seckill/service/seckill_service.go:465.27,466.11 1 1
github.com/ecommerce-platform/internal/seckill/service/seckill_service.go:466.11,468.3 1 1
github.com/ecommerce-platform/internal/seckill/service/seckill_service.go:469.2,469.10 1 1
