mode: set
github.com/ecommerce-platform/internal/seckill/repository/saga_repo.go:40.66,42.2 1 1
github.com/ecommerce-platform/internal/seckill/repository/saga_repo.go:44.70,46.2 1 1
github.com/ecommerce-platform/internal/seckill/repository/saga_repo.go:49.142,50.67 1 1
github.com/ecommerce-platform/internal/seckill/repository/saga_repo.go:50.67,52.47 1 1
github.com/ecommerce-platform/internal/seckill/repository/saga_repo.go:52.47,53.29 1 1
github.com/ecommerce-platform/internal/seckill/repository/saga_repo.go:53.29,55.5 1 1
github.com/ecommerce-platform/internal/seckill/repository/saga_repo.go:56.4,56.14 1 0
github.com/ecommerce-platform/internal/seckill/repository/saga_repo.go:60.3,63.32 4 1
github.com/ecommerce-platform/internal/seckill/repository/saga_repo.go:63.32,65.4 1 0
github.com/ecommerce-platform/internal/seckill/repository/saga_repo.go:66.3,66.27 1 1
github.com/ecommerce-platform/internal/seckill/repository/saga_repo.go:66.27,68.4 1 1
github.com/ecommerce-platform/internal/seckill/repository/saga_repo.go:70.3,70.49 1 1
github.com/ecommerce-platform/internal/seckill/repository/saga_repo.go:70.49,72.4 1 0
github.com/ecommerce-platform/internal/seckill/repository/saga_repo.go:73.3,73.13 1 1
github.com/ecommerce-platform/internal/seckill/repository/saga_repo.go:77.100,80.16 3 0
github.com/ecommerce-platform/internal/seckill/repository/saga_repo.go:80.16,81.45 1 0
github.com/ecommerce-platform/internal/seckill/repository/saga_repo.go:81.45,83.4 1 0
github.com/ecommerce-platform/internal/seckill/repository/saga_repo.go:84.3,84.18 1 0
github.com/ecommerce-platform/internal/seckill/repository/saga_repo.go:86.2,86.19 1 0
github.com/ecommerce-platform/internal/seckill/repository/saga_repo.go:89.91,91.2 1 0
github.com/ecommerce-platform/internal/seckill/repository/saga_repo.go:94.109,95.16 1 1
github.com/ecommerce-platform/internal/seckill/repository/saga_repo.go:95.16,97.3 1 0
github.com/ecommerce-platform/internal/seckill/repository/saga_repo.go:99.2,106.16 3 1
github.com/ecommerce-platform/internal/seckill/repository/saga_repo.go:106.16,108.3 1 0
github.com/ecommerce-platform/internal/seckill/repository/saga_repo.go:109.2,109.17 1 1
github.com/ecommerce-platform/internal/seckill/repository/saga_repo.go:113.117,120.25 2 1
github.com/ecommerce-platform/internal/seckill/repository/saga_repo.go:120.25,122.3 1 0
github.com/ecommerce-platform/internal/seckill/repository/saga_repo.go:123.2,123.30 1 1
github.com/ecommerce-platform/internal/seckill/repository/saga_repo.go:123.30,125.3 1 1
github.com/ecommerce-platform/internal/seckill/repository/saga_repo.go:128.2,129.86 2 1
github.com/ecommerce-platform/internal/seckill/repository/saga_repo.go:129.86,131.3 1 0
github.com/ecommerce-platform/internal/seckill/repository/saga_repo.go:132.2,132.26 1 1
github.com/ecommerce-platform/internal/seckill/repository/saga_repo.go:136.80,144.2 1 1
github.com/ecommerce-platform/internal/seckill/repository/saga_repo.go:147.118,157.2 1 1
github.com/ecommerce-platform/internal/seckill/repository/saga_repo.go:160.96,168.2 1 1
github.com/ecommerce-platform/internal/seckill/repository/saga_repo.go:171.39,172.16 1 1
github.com/ecommerce-platform/internal/seckill/repository/saga_repo.go:172.16,174.3 1 0
github.com/ecommerce-platform/internal/seckill/repository/saga_repo.go:175.2,176.74 2 1
github.com/ecommerce-platform/internal/seckill/repository/saga_repo.go:180.37,182.24 2 1
github.com/ecommerce-platform/internal/seckill/repository/saga_repo.go:182.24,184.3 1 1
github.com/ecommerce-platform/internal/seckill/repository/saga_repo.go:185.2,185.21 1 0
github.com/ecommerce-platform/internal/seckill/repository/seckill_repo.go:28.58,30.2 1 1
github.com/ecommerce-platform/internal/seckill/repository/seckill_repo.go:32.99,35.16 3 1
github.com/ecommerce-platform/internal/seckill/repository/seckill_repo.go:35.16,36.45 1 1
github.com/ecommerce-platform/internal/seckill/repository/seckill_repo.go:36.45,38.4 1 1
github.com/ecommerce-platform/internal/seckill/repository/seckill_repo.go:39.3,39.18 1 0
github.com/ecommerce-platform/internal/seckill/repository/seckill_repo.go:41.2,41.29 1 1
github.com/ecommerce-platform/internal/seckill/repository/seckill_repo.go:44.90,46.2 1 1
github.com/ecommerce-platform/internal/seckill/repository/seckill_repo.go:48.89,55.25 2 1
github.com/ecommerce-platform/internal/seckill/repository/seckill_repo.go:55.25,57.3 1 0
github.com/ecommerce-platform/internal/seckill/repository/seckill_repo.go:60.2,60.30 1 1
github.com/ecommerce-platform/internal/seckill/repository/seckill_repo.go:60.30,62.3 1 1
github.com/ecommerce-platform/internal/seckill/repository/seckill_repo.go:64.2,64.12 1 1
